// Vitest Snapshot v1, https://vitest.dev/guide/snapshot.html

exports[`text input test suite > should match snapshot 1`] = `
<div>
  <div
    class="text-input"
  >
    <div>
      <label>
        USERNAME
         
      </label>
    </div>
    <input
      class=""
      name="username"
      type="text"
      value=""
    />
  </div>
</div>
`;
